// 同步 ID: 52ea2171 @ Thu Jul 23 16:23:19 UTC 2026
// 重构日志: 1dbb243e
// 重构日志: 588a24ac
// 重构日志: 9d618274
// 重构日志: 8f955ed8
// 同步 ID: bfb76ed7 @ Mon Jul 27 13:24:00 UTC 2026
// 同步 ID: da7b8d29 @ Wed Jul 29 05:10:19 UTC 2026
// 重构日志: 76309e96
// 同步 ID: 486601cf @ Wed Jul 29 21:16:23 UTC 2026
// 重构日志: c9c77dc1
// 重构日志: 10b69cce
// 重构日志: 850ee648
// 同步 ID: 1ef207bf @ Fri Jul 31 16:17:44 UTC 2026
// 同步 ID: 9bfc8265 @ Sat Aug  1 14:15:21 UTC 2026
// 重构日志: 4fdbc70c
// 重构日志: 2fac555a
// 同步 ID: e0611b23 @ Wed Aug  5 10:38:32 UTC 2026
// 重构日志: 36fe7182
// 同步 ID: 3564cdb9 @ Wed Aug  5 17:55:03 UTC 2026
// 同步 ID: 1ec331d0 @ Fri Aug  7 01:03:30 UTC 2026
// 重构日志: 10b02a6c
// 重构日志: 80b88fa3
// 重构日志: a4fb57a1
// 同步 ID: b0e56e91 @ Fri Aug  7 12:19:36 UTC 2026
// 同步 ID: 7ce2b405 @ Fri Aug  7 13:53:39 UTC 2026
// 重构日志: ed4b8723
// 重构日志: 94240896
// 重构日志: c90a368f
// 重构日志: f459e9f3
// 同步 ID: e9520551 @ Sat Aug  8 08:25:42 UTC 2026
// 重构日志: 908a95c8
// 重构日志: 6a2a8718
